[0] Train loss:25.494465692
[1] Train loss:20.312409401
[2] Train loss:14.624147551
[3] Train loss:10.995897293
[4] Train loss:10.516571794
[5] Train loss:10.159179960
[6] Train loss:9.848086085
[7] Train loss:9.576826096
[8] Train loss:9.304811886
[9] Train loss:9.048090730
[10] Train loss:8.789286682
[11] Train loss:8.501660279
[12] Train loss:8.280061245
[13] Train loss:7.994027070
[14] Train loss:7.797012942
[15] Train loss:7.635702474
[16] Train loss:7.498193060
[17] Train loss:7.248676845
[18] Train loss:7.061222689
[19] Train loss:6.915082455
[20] Train loss:6.757276739
[21] Train loss:6.643134866
[22] Train loss:6.517112391
[23] Train loss:6.417261124
[24] Train loss:6.351504053
[25] Train loss:6.287500722
[26] Train loss:6.134873663
[27] Train loss:6.042775495
[28] Train loss:5.965919631
[29] Train loss:5.932059969
[30] Train loss:5.858116082
[31] Train loss:5.747312682
[32] Train loss:5.681519338
[33] Train loss:5.658407450
[34] Train loss:5.601444585
[35] Train loss:5.517980984
[36] Train loss:5.478144918
[37] Train loss:5.387960025
[38] Train loss:5.369829518
[39] Train loss:5.289316790
[40] Train loss:5.224849565
[41] Train loss:5.264395033
[42] Train loss:5.082906314
[43] Train loss:5.124346733
[44] Train loss:5.067881005
[45] Train loss:4.954509769
[46] Train loss:5.040275369
[47] Train loss:4.918581111
[48] Train loss:4.855377061
[49] Train loss:4.807157210
[50] Train loss:4.768365179
[51] Train loss:4.767444747
[52] Train loss:4.674604756
[53] Train loss:4.677752018
[54] Train loss:4.513391529
[55] Train loss:4.480823551
[56] Train loss:4.479997260
[57] Train loss:4.389828409
[58] Train loss:4.368337427
[59] Train loss:4.369657585
[60] Train loss:4.314064673
[61] Train loss:4.345257691
[62] Train loss:4.254364593
[63] Train loss:4.261198078
[64] Train loss:4.326867172
[65] Train loss:4.126182829
[66] Train loss:4.164219686
[67] Train loss:4.108327832
[68] Train loss:4.125758954
[69] Train loss:4.063570363
[70] Train loss:3.958048480
[71] Train loss:3.956499372
[72] Train loss:4.019023180
[73] Train loss:3.939833096
[74] Train loss:3.897238255
[75] Train loss:3.878952605
[76] Train loss:3.879357440
[77] Train loss:3.845132181
[78] Train loss:3.843392951
[79] Train loss:3.720952204
[80] Train loss:3.839821815
[81] Train loss:3.909107208
[82] Train loss:3.861135960
[83] Train loss:3.798564638
[84] Train loss:3.743175370
[85] Train loss:3.823857103
[86] Train loss:3.762485266
[87] Train loss:3.657058784
[88] Train loss:3.679966007
[89] Train loss:3.663033009
[90] Train loss:3.624565022
[91] Train loss:3.693449906
[92] Train loss:3.631679807
[93] Train loss:3.600927319
[94] Train loss:3.588379111
[95] Train loss:3.606885467
[96] Train loss:3.668809312
[97] Train loss:3.552271298
[98] Train loss:3.574924946
[99] Train loss:3.553161485
[100] Train loss:3.552682025
[101] Train loss:3.578055177
[102] Train loss:3.545368910
[103] Train loss:3.480100155
[104] Train loss:3.501265900
[105] Train loss:3.465812138
[106] Train loss:3.491918428
[107] Train loss:3.465175731
[108] Train loss:3.538555452
[109] Train loss:3.495807818
[110] Train loss:3.452518531
[111] Train loss:3.370264053
[112] Train loss:3.500619309
[113] Train loss:3.493140970
[114] Train loss:3.415385808
[115] Train loss:3.388637679
[116] Train loss:3.411162547
[117] Train loss:3.409372943
[118] Train loss:3.439883777
[119] Train loss:3.539556912
[120] Train loss:3.483918565
[121] Train loss:3.384241036
[122] Train loss:3.440364599
[123] Train loss:3.412584986
[124] Train loss:3.335313593
[125] Train loss:3.307243688
[126] Train loss:3.380681174
[127] Train loss:3.338928563
[128] Train loss:3.269392627
[129] Train loss:3.294540099
[130] Train loss:3.320192371
[131] Train loss:3.289964131
[132] Train loss:3.312644856
[133] Train loss:3.370311056
[134] Train loss:3.294692312
[135] Train loss:3.236902680
[136] Train loss:3.186893054
[137] Train loss:3.275706700
[138] Train loss:3.275553226
[139] Train loss:3.273976156
[140] Train loss:3.219210488
[141] Train loss:3.261992591
[142] Train loss:3.200977513
[143] Train loss:3.245509522
[144] Train loss:3.236840146
[145] Train loss:3.200366667
[146] Train loss:3.229365894
[147] Train loss:3.249306645
[148] Train loss:3.220594270
[149] Train loss:3.248666116
[150] Train loss:3.242803029
[151] Train loss:3.232763869
[152] Train loss:3.323455981
[153] Train loss:3.121328150
[154] Train loss:3.199176005
[155] Train loss:3.124399287
[156] Train loss:3.184539591
[157] Train loss:3.122131859
[158] Train loss:3.150921890
[159] Train loss:3.119482143
[160] Train loss:3.135853086
[161] Train loss:3.225165623
[162] Train loss:3.153579848
[163] Train loss:3.078432049
[164] Train loss:3.119966166
[165] Train loss:3.133136545
[166] Train loss:3.162988186
[167] Train loss:3.286637136
[168] Train loss:3.180006777
[169] Train loss:3.133302893
[170] Train loss:3.100512607
[171] Train loss:3.218421153
[172] Train loss:3.093943698
[173] Train loss:3.126409905
[174] Train loss:3.093760456
[175] Train loss:3.204068763
[176] Train loss:3.130758081
[177] Train loss:3.045010158
[178] Train loss:3.075594868
[179] Train loss:3.010458299
[180] Train loss:3.080466884
[181] Train loss:2.991892082
[182] Train loss:3.009487356
[183] Train loss:3.074546201
[184] Train loss:3.073267290
[185] Train loss:3.012963057
[186] Train loss:3.001602922
[187] Train loss:3.029357944
[188] Train loss:3.025807057
[189] Train loss:2.992440837
[190] Train loss:2.996342046
[191] Train loss:2.967495680
[192] Train loss:3.083303043
[193] Train loss:3.002652594
[194] Train loss:3.018173695
[195] Train loss:3.051542486
[196] Train loss:3.056713820
[197] Train loss:2.996598925
[198] Train loss:3.021415779
[199] Train loss:2.970757450
[200] Train loss:3.023997699
[201] Train loss:3.001912287
[202] Train loss:2.970841237
[203] Train loss:3.055563535
[204] Train loss:3.027237637
[205] Train loss:2.968901294
[206] Train loss:2.903526936
[207] Train loss:2.994566849
[208] Train loss:2.954241327
[209] Train loss:2.994413563
[210] Train loss:2.959683623
[211] Train loss:2.926982777
[212] Train loss:2.961535828
[213] Train loss:3.016151360
[214] Train loss:2.950122476
[215] Train loss:2.924615775
[216] Train loss:2.998975107
[217] Train loss:2.977674586
[218] Train loss:2.974196298
[219] Train loss:3.001060128
[220] Train loss:2.925631540
[221] Train loss:2.963535581
[222] Train loss:2.927784835
[223] Train loss:2.909171053
[224] Train loss:2.938457796
[225] Train loss:2.878254686
[226] Train loss:2.957284791
[227] Train loss:2.988545213
[228] Train loss:2.959891796
[229] Train loss:2.917467594
[230] Train loss:2.967203941
[231] Train loss:2.905290638
[232] Train loss:2.900510379
[233] Train loss:2.897791505
[234] Train loss:2.918325560
[235] Train loss:2.957723822
[236] Train loss:2.909780911
[237] Train loss:2.867847375
[238] Train loss:2.905964749
[239] Train loss:2.927462782
[240] Train loss:2.897080183
[241] Train loss:2.872931583
[242] Train loss:2.905357804
[243] Train loss:2.973932368
[244] Train loss:2.850651537
[245] Train loss:2.890588760
[246] Train loss:2.930398090
[247] Train loss:2.870434523
[248] Train loss:2.856521709
[249] Train loss:2.853530986
[250] Train loss:2.869185107
[251] Train loss:2.879088845
[252] Train loss:2.913454601
[253] Train loss:2.894836153
[254] Train loss:2.860322424
[255] Train loss:2.878939663
[256] Train loss:2.853443963
[257] Train loss:2.823524373
[258] Train loss:2.825379712
[259] Train loss:2.800587177
[260] Train loss:2.813653605
[261] Train loss:2.810846244
[262] Train loss:2.781068598
[263] Train loss:2.821872098
[264] Train loss:2.815878970
[265] Train loss:2.867187517
[266] Train loss:2.817926168
[267] Train loss:2.759790029
[268] Train loss:2.777207409
[269] Train loss:2.779638972
[270] Train loss:2.794242859
[271] Train loss:2.797280209
[272] Train loss:2.770801919
[273] Train loss:2.875258480
[274] Train loss:2.807985544
[275] Train loss:2.863786936
[276] Train loss:2.721859132
[277] Train loss:2.804419466
[278] Train loss:2.825061594
[279] Train loss:2.809261901
[280] Train loss:2.762486322
[281] Train loss:2.747653161
[282] Train loss:2.735098583
[283] Train loss:2.794449908
[284] Train loss:2.780121258
[285] Train loss:2.778409123
[286] Train loss:2.751603876
[287] Train loss:2.757961563
[288] Train loss:2.775200725
[289] Train loss:2.784300566
[290] Train loss:2.848512496
[291] Train loss:2.838224922
[292] Train loss:2.777567199
[293] Train loss:2.762900914
[294] Train loss:2.714518496
[295] Train loss:2.732160875
[296] Train loss:2.747850708
[297] Train loss:2.731997831
[298] Train loss:2.805299520
[299] Train loss:2.823189207
[300] Train loss:2.815159321
[301] Train loss:2.685891424
[302] Train loss:2.673592431
[303] Train loss:2.701202818
[304] Train loss:2.691161513
[305] Train loss:2.702489614
[306] Train loss:2.691935386
[307] Train loss:2.678962571
[308] Train loss:2.681967020
[309] Train loss:2.708340543
[310] Train loss:2.662964055
[311] Train loss:2.681904657
[312] Train loss:2.709372555
[313] Train loss:2.746901018
[314] Train loss:2.705674563
[315] Train loss:2.729514905
[316] Train loss:2.694058418
[317] Train loss:2.713401863
[318] Train loss:2.669315917
[319] Train loss:2.722111940
[320] Train loss:2.706132157
[321] Train loss:2.742665768
[322] Train loss:2.685245139
[323] Train loss:2.705423457
[324] Train loss:2.780305624
[325] Train loss:2.693951777
[326] Train loss:2.685188345
[327] Train loss:2.628205316
[328] Train loss:2.642141853
[329] Train loss:2.619898166
[330] Train loss:2.706364734
[331] Train loss:2.653361099
[332] Train loss:2.699337482
[333] Train loss:2.643110837
[334] Train loss:2.692653315
[335] Train loss:2.683615480
[336] Train loss:2.636934570
[337] Train loss:2.659696119
[338] Train loss:2.608347075
[339] Train loss:2.616020986
[340] Train loss:2.652431199
[341] Train loss:2.674794299
[342] Train loss:2.680814028
[343] Train loss:2.697922656
[344] Train loss:2.707730702
[345] Train loss:2.684833050
[346] Train loss:2.772661584
[347] Train loss:2.685992411
[348] Train loss:2.645968199
[349] Train loss:2.710332802
[350] Train loss:2.641287923
[351] Train loss:2.637241040
[352] Train loss:2.620957494
[353] Train loss:2.662506631
[354] Train loss:2.598254221
[355] Train loss:2.625890868
[356] Train loss:2.613813826
[357] Train loss:2.693879570
[358] Train loss:2.697114417
[359] Train loss:2.610672917
[360] Train loss:2.601706760
[361] Train loss:2.658561877
[362] Train loss:2.653828502
[363] Train loss:2.630275454
[364] Train loss:2.580237593
[365] Train loss:2.589263439
[366] Train loss:2.597235816
[367] Train loss:2.680421284
[368] Train loss:2.619261674
[369] Train loss:2.614728757
[370] Train loss:2.575576629
[371] Train loss:2.574136972
[372] Train loss:2.559442827
[373] Train loss:2.536805204
[374] Train loss:2.612709880
[375] Train loss:2.544087597
[376] Train loss:2.597250240
[377] Train loss:2.613753234
[378] Train loss:2.617302452
[379] Train loss:2.619081497
[380] Train loss:2.553554126
[381] Train loss:2.600968650
[382] Train loss:2.622337631
[383] Train loss:2.630411386
[384] Train loss:2.558692166
[385] Train loss:2.567450421
[386] Train loss:2.557865688
[387] Train loss:2.565127458
[388] Train loss:2.526241098
[389] Train loss:2.552513753
[390] Train loss:2.585474133
[391] Train loss:2.546599984
[392] Train loss:2.550354430
[393] Train loss:2.562020132
[394] Train loss:2.568367107
[395] Train loss:2.615890247
[396] Train loss:2.595959783
[397] Train loss:2.530185682
[398] Train loss:2.537133387
[399] Train loss:2.512579305
[400] Train loss:2.516263791
[401] Train loss:2.599768026
[402] Train loss:2.542079789
[403] Train loss:2.523918612
[404] Train loss:2.504132628
[405] Train loss:2.570517148
[406] Train loss:2.545141782
[407] Train loss:2.604739904
[408] Train loss:2.682428530
[409] Train loss:2.540373291
[410] Train loss:2.555691430
[411] Train loss:2.527764388
[412] Train loss:2.540141531
[413] Train loss:2.568601506
[414] Train loss:2.634228212
[415] Train loss:2.534300855
[416] Train loss:2.599497659
[417] Train loss:2.596758877
[418] Train loss:2.521071093
[419] Train loss:2.543721693
[420] Train loss:2.541523457
[421] Train loss:2.565651110
[422] Train loss:2.576317855
[423] Train loss:2.573602080
[424] Train loss:2.579782196
[425] Train loss:2.486973728
[426] Train loss:2.511818358
[427] Train loss:2.500050068
[428] Train loss:2.493123719
[429] Train loss:2.564133797
[430] Train loss:2.542725682
[431] Train loss:2.581063492
[432] Train loss:2.507717763
[433] Train loss:2.572064604
[434] Train loss:2.491145577
[435] Train loss:2.563432915
[436] Train loss:2.510681408
[437] Train loss:2.572869284
[438] Train loss:2.492582066
[439] Train loss:2.515497122
[440] Train loss:2.562986272
[441] Train loss:2.500556435
[442] Train loss:2.596059476
[443] Train loss:2.586979832
[444] Train loss:2.504462583
[445] Train loss:2.521918127
[446] Train loss:2.535345622
[447] Train loss:2.576647418
[448] Train loss:2.628290313
[449] Train loss:2.502833809
[450] Train loss:2.499835031
[451] Train loss:2.526443005
[452] Train loss:2.463841251
[453] Train loss:2.543875796
[454] Train loss:2.456964374
[455] Train loss:2.544947812
[456] Train loss:2.442285929
[457] Train loss:2.585107820
[458] Train loss:2.510420374
[459] Train loss:2.501525215
[460] Train loss:2.482678447
[461] Train loss:2.458706243
[462] Train loss:2.486264059
[463] Train loss:2.410962837
[464] Train loss:2.434691838
[465] Train loss:2.504545484
[466] Train loss:2.413625666
[467] Train loss:2.453493510
[468] Train loss:2.400582603
[469] Train loss:2.426034246
[470] Train loss:2.487819433
[471] Train loss:2.401706134
[472] Train loss:2.434441958
[473] Train loss:2.469547425
[474] Train loss:2.566569567
[475] Train loss:2.441036497
[476] Train loss:2.418043903
[477] Train loss:2.516628095
[478] Train loss:2.524892245
[479] Train loss:2.432928784
[480] Train loss:2.495599014
[481] Train loss:2.525445563
[482] Train loss:2.439566425
[483] Train loss:2.548851081
[484] Train loss:2.527183311
[485] Train loss:2.466617635
[486] Train loss:2.391712529
[487] Train loss:2.471181989
[488] Train loss:2.419876865
[489] Train loss:2.425122091
[490] Train loss:2.456488150
[491] Train loss:2.485958406
[492] Train loss:2.527555857
[493] Train loss:2.463786619
[494] Train loss:2.416753599
[495] Train loss:2.423048139
[496] Train loss:2.478875858
[497] Train loss:2.454266208
[498] Train loss:2.412214467
[499] Train loss:2.422260250
[500] Train loss:2.498919317
[501] Train loss:2.406443885
[502] Train loss:2.395472237
[503] Train loss:2.448290910
[504] Train loss:2.442206757
[505] Train loss:2.384931292
[506] Train loss:2.369677867
[507] Train loss:2.416906067
[508] Train loss:2.398301925
[509] Train loss:2.405505334
[510] Train loss:2.401025142
[511] Train loss:2.411783866
[512] Train loss:2.392786741
[513] Train loss:2.352399962
[514] Train loss:2.410323313
[515] Train loss:2.422409500
[516] Train loss:2.358152628
[517] Train loss:2.525119322
[518] Train loss:2.429110323
[519] Train loss:2.456911768
[520] Train loss:2.516502210
[521] Train loss:2.442788345
[522] Train loss:2.364295091
[523] Train loss:2.428624919
[524] Train loss:2.430114593
[525] Train loss:2.421136277
[526] Train loss:2.385197878
[527] Train loss:2.377777049
[528] Train loss:2.485041618
[529] Train loss:2.406527196
[530] Train loss:2.442814742
[531] Train loss:2.406465054
[532] Train loss:2.382438013
[533] Train loss:2.383367607
[534] Train loss:2.464996661
[535] Train loss:2.378305486
[536] Train loss:2.404638903
[537] Train loss:2.397543056
[538] Train loss:2.376980151
[539] Train loss:2.401013834
[540] Train loss:2.426327263
[541] Train loss:2.414317966
[542] Train loss:2.351320539
[543] Train loss:2.401272893
[544] Train loss:2.379536850
[545] Train loss:2.383963500
[546] Train loss:2.409544723
[547] Train loss:2.367883325
[548] Train loss:2.388855866
[549] Train loss:2.408307842
[550] Train loss:2.442065375
[551] Train loss:2.346972636
[552] Train loss:2.364811182
[553] Train loss:2.414468748
[554] Train loss:2.357260551
[555] Train loss:2.335635407
[556] Train loss:2.337531005
[557] Train loss:2.392034752
[558] Train loss:2.422954031
[559] Train loss:2.382246443
[560] Train loss:2.374768479
[561] Train loss:2.395859105
[562] Train loss:2.366591351
[563] Train loss:2.372101086
[564] Train loss:2.341290048
[565] Train loss:2.324162483
[566] Train loss:2.327532070
[567] Train loss:2.337195737
[568] Train loss:2.335603544
[569] Train loss:2.374605077
[570] Train loss:2.416918295
[571] Train loss:2.425352131
[572] Train loss:2.343531711
[573] Train loss:2.346373779
[574] Train loss:2.397631713
[575] Train loss:2.339854871
[576] Train loss:2.374715907
[577] Train loss:2.316050053
[578] Train loss:2.354208095
[579] Train loss:2.331865719
[580] Train loss:2.346814292
[581] Train loss:2.330186214
[582] Train loss:2.385504092
[583] Train loss:2.354172826
[584] Train loss:2.292979019
[585] Train loss:2.368895684
[586] Train loss:2.362743701
[587] Train loss:2.356990985
[588] Train loss:2.350759762
[589] Train loss:2.278291770
[590] Train loss:2.320405688
[591] Train loss:2.345327514
[592] Train loss:2.328561034
[593] Train loss:2.327216216
[594] Train loss:2.305267641
[595] Train loss:2.375823600
[596] Train loss:2.309198397
[597] Train loss:2.421250326
[598] Train loss:2.369472248
[599] Train loss:2.395270416
[600] Train loss:2.382386838
[601] Train loss:2.395117879
[602] Train loss:2.306066598
[603] Train loss:2.302512646
[604] Train loss:2.391868557
[605] Train loss:2.368242553
[606] Train loss:2.361715538
[607] Train loss:2.292045116
[608] Train loss:2.365609441
[609] Train loss:2.365782601
[610] Train loss:2.401259661
[611] Train loss:2.331549134
[612] Train loss:2.331613728
[613] Train loss:2.342971614
[614] Train loss:2.360444018
[615] Train loss:2.368935568
[616] Train loss:2.412555933
[617] Train loss:2.398256455
[618] Train loss:2.393907240
[619] Train loss:2.398318120
[620] Train loss:2.320550970
[621] Train loss:2.325667466
[622] Train loss:2.299787385
[623] Train loss:2.285520128
[624] Train loss:2.427531924
[625] Train loss:2.462976524
[626] Train loss:2.390325240
[627] Train loss:2.373551130
[628] Train loss:2.404952628
[629] Train loss:2.353783335
[630] Train loss:2.302439281
[631] Train loss:2.314269117
[632] Train loss:2.289331913
[633] Train loss:2.317789350
[634] Train loss:2.315178667
[635] Train loss:2.364084108
[636] Train loss:2.327078700
[637] Train loss:2.314967820
[638] Train loss:2.341407844
[639] Train loss:2.399301852
[640] Train loss:2.330039620
[641] Train loss:2.339635611
[642] Train loss:2.414840749
[643] Train loss:2.268575311
[644] Train loss:2.243312648
[645] Train loss:2.315377440
[646] Train loss:2.334796923
[647] Train loss:2.373195563
[648] Train loss:2.362230590
[649] Train loss:2.313827055
[650] Train loss:2.384848339
[651] Train loss:2.319109968
[652] Train loss:2.348350610
[653] Train loss:2.314593639
[654] Train loss:2.331535135
[655] Train loss:2.266554236
[656] Train loss:2.246862480
[657] Train loss:2.264205149
[658] Train loss:2.287340726
[659] Train loss:2.292057497
[660] Train loss:2.236448458
[661] Train loss:2.358382872
[662] Train loss:2.280459506
[663] Train loss:2.259326833
[664] Train loss:2.361145479
[665] Train loss:2.310749412
[666] Train loss:2.340819103
[667] Train loss:2.313872116
[668] Train loss:2.349320139
[669] Train loss:2.303172452
[670] Train loss:2.249608755
[671] Train loss:2.237284899
[672] Train loss:2.297550440
[673] Train loss:2.302357197
[674] Train loss:2.381893941
[675] Train loss:2.328787105
[676] Train loss:2.281775866
[677] Train loss:2.247577156
[678] Train loss:2.328807013
[679] Train loss:2.254957880
[680] Train loss:2.265121698
[681] Train loss:2.288731354
[682] Train loss:2.320285201
[683] Train loss:2.347021716
[684] Train loss:2.331018380
[685] Train loss:2.367972663
[686] Train loss:2.239168406
[687] Train loss:2.384442602
[688] Train loss:2.337030700
[689] Train loss:2.340202195
[690] Train loss:2.284252013
[691] Train loss:2.247213772
[692] Train loss:2.280246258
[693] Train loss:2.268659949
[694] Train loss:2.352022001
[695] Train loss:2.370305640
[696] Train loss:2.404984338
[697] Train loss:2.271333388
[698] Train loss:2.291663851
[699] Train loss:2.219424980
[700] Train loss:2.282920684
[701] Train loss:2.383984498
[702] Train loss:2.452562043
[703] Train loss:2.301995890
[704] Train loss:2.297713842
[705] Train loss:2.278461490
[706] Train loss:2.322697401
[707] Train loss:2.225601315
[708] Train loss:2.210473486
[709] Train loss:2.226385457
[710] Train loss:2.253887347
[711] Train loss:2.197988663
[712] Train loss:2.201373305
[713] Train loss:2.233446666
[714] Train loss:2.261989168
[715] Train loss:2.230016964
[716] Train loss:2.236845732
[717] Train loss:2.224103485
[718] Train loss:2.246542181
[719] Train loss:2.232500570
[720] Train loss:2.225543465
[721] Train loss:2.257257445
[722] Train loss:2.287246738
[723] Train loss:2.290806719
[724] Train loss:2.178187404
[725] Train loss:2.199444243
[726] Train loss:2.225621973
[727] Train loss:2.245324220
[728] Train loss:2.207336681
[729] Train loss:2.246784346
[730] Train loss:2.192526051
[731] Train loss:2.230881504
[732] Train loss:2.191560115
[733] Train loss:2.245221172
[734] Train loss:2.241316455
[735] Train loss:2.232875739
[736] Train loss:2.190718634
[737] Train loss:2.275511146
[738] Train loss:2.357753839
[739] Train loss:2.275179880
[740] Train loss:2.299623813
[741] Train loss:2.223146047
[742] Train loss:2.198953322
[743] Train loss:2.226865189
[744] Train loss:2.226411377
[745] Train loss:2.254852823
[746] Train loss:2.271453227
[747] Train loss:2.234518954
[748] Train loss:2.222636904
[749] Train loss:2.247037445
[750] Train loss:2.292720863
[751] Train loss:2.369589755
[752] Train loss:2.285033516
[753] Train loss:2.342386450
[754] Train loss:2.223766446
[755] Train loss:2.233846511
[756] Train loss:2.215511629
[757] Train loss:2.243228248
[758] Train loss:2.313519870
[759] Train loss:2.223265597
[760] Train loss:2.190162454
[761] Train loss:2.264151692
[762] Train loss:2.295140948
[763] Train loss:2.351480944
[764] Train loss:2.273387381
[765] Train loss:2.323944501
[766] Train loss:2.340951306
[767] Train loss:2.216440013
[768] Train loss:2.284875665
[769] Train loss:2.357861059
[770] Train loss:2.224452291
[771] Train loss:2.199333787
[772] Train loss:2.263183423
[773] Train loss:2.237477558
[774] Train loss:2.353068164
[775] Train loss:2.230244075
[776] Train loss:2.258197682
[777] Train loss:2.241846136
[778] Train loss:2.209507397
[779] Train loss:2.215686457
[780] Train loss:2.198852488
[781] Train loss:2.240965383
[782] Train loss:2.203538690
[783] Train loss:2.145039831
[784] Train loss:2.221596922
[785] Train loss:2.224189384
[786] Train loss:2.253524320
[787] Train loss:2.247903449
[788] Train loss:2.231216601
[789] Train loss:2.202467765
[790] Train loss:2.239106144
[791] Train loss:2.227288944
[792] Train loss:2.203878352
[793] Train loss:2.309306162
[794] Train loss:2.334106820
[795] Train loss:2.339042664
[796] Train loss:2.204831958
[797] Train loss:2.220655356
[798] Train loss:2.260747024
[799] Train loss:2.188117760
[800] Train loss:2.184751987
[801] Train loss:2.185319390
[802] Train loss:2.261851736
[803] Train loss:2.222907305
[804] Train loss:2.224542720
[805] Train loss:2.166132110
[806] Train loss:2.218943102
[807] Train loss:2.209222146
[808] Train loss:2.154008423
[809] Train loss:2.243749499
[810] Train loss:2.198577029
[811] Train loss:2.139649987
[812] Train loss:2.175798365
[813] Train loss:2.192408238
[814] Train loss:2.179884911
[815] Train loss:2.228316767
[816] Train loss:2.113902824
[817] Train loss:2.145730206
[818] Train loss:2.149638329
[819] Train loss:2.166770492
[820] Train loss:2.168603522
[821] Train loss:2.161549534
[822] Train loss:2.158813647
[823] Train loss:2.161556908
[824] Train loss:2.158499343
[825] Train loss:2.135558043
[826] Train loss:2.187906981
[827] Train loss:2.149691343
[828] Train loss:2.195163761
[829] Train loss:2.246003696
[830] Train loss:2.234826088
[831] Train loss:2.248611484
[832] Train loss:2.172657541
[833] Train loss:2.210122534
[834] Train loss:2.164984703
[835] Train loss:2.189387764
[836] Train loss:2.106789061
[837] Train loss:2.146547726
[838] Train loss:2.151147519
[839] Train loss:2.145346999
[840] Train loss:2.146198392
[841] Train loss:2.142110280
[842] Train loss:2.135246600
[843] Train loss:2.139383997
[844] Train loss:2.208221248
[845] Train loss:2.192409243
[846] Train loss:2.171368599
[847] Train loss:2.176438161
[848] Train loss:2.185681411
[849] Train loss:2.223827226
[850] Train loss:2.241200668
[851] Train loss:2.218466861
[852] Train loss:2.192603878
[853] Train loss:2.150689619
[854] Train loss:2.167819977
[855] Train loss:2.205618620
[856] Train loss:2.147493448
[857] Train loss:2.136704751
[858] Train loss:2.126181739
[859] Train loss:2.113142967
[860] Train loss:2.137863295
[861] Train loss:2.151313305
[862] Train loss:2.150562184
[863] Train loss:2.216950008
[864] Train loss:2.254078354
[865] Train loss:2.225236944
[866] Train loss:2.118713123
[867] Train loss:2.137545449
[868] Train loss:2.180011409
[869] Train loss:2.119346278
[870] Train loss:2.120541317
[871] Train loss:2.171146342
[872] Train loss:2.167158178
[873] Train loss:2.165284872
[874] Train loss:2.154389058
[875] Train loss:2.096400346
[876] Train loss:2.207957932
[877] Train loss:2.210934452
[878] Train loss:2.214407393
[879] Train loss:2.313897984
[880] Train loss:2.330495068
[881] Train loss:2.248714583
[882] Train loss:2.148434826
[883] Train loss:2.176636219
[884] Train loss:2.130420923
[885] Train loss:2.141188894
[886] Train loss:2.129540920
[887] Train loss:2.133525252
[888] Train loss:2.140417797
[889] Train loss:2.132373588
[890] Train loss:2.095981819
[891] Train loss:2.116280556
[892] Train loss:2.133651018
[893] Train loss:2.162491236
[894] Train loss:2.252770816
[895] Train loss:2.121672426
[896] Train loss:2.195214220
[897] Train loss:2.195087450
[898] Train loss:2.257364614
[899] Train loss:2.218586189
[900] Train loss:2.203011870
[901] Train loss:2.207550253
[902] Train loss:2.200608526
[903] Train loss:2.121019959
[904] Train loss:2.145719443
[905] Train loss:2.145742450
[906] Train loss:2.131705386
[907] Train loss:2.187975918
[908] Train loss:2.144017884
[909] Train loss:2.181315013
[910] Train loss:2.182063426
[911] Train loss:2.198566471
[912] Train loss:2.172839335
[913] Train loss:2.118677752
[914] Train loss:2.153122357
[915] Train loss:2.107075385
[916] Train loss:2.113857133
[917] Train loss:2.085761973
[918] Train loss:2.141898768
[919] Train loss:2.147830810
[920] Train loss:2.090818013
[921] Train loss:2.114841921
[922] Train loss:2.118725879
[923] Train loss:2.109583122
[924] Train loss:2.391689828
[925] Train loss:2.149008070
[926] Train loss:2.173104320
[927] Train loss:2.166838271
[928] Train loss:2.205623388
[929] Train loss:2.114981311
[930] Train loss:2.085365789
[931] Train loss:2.090247852
[932] Train loss:2.155834062
[933] Train loss:2.096714888
[934] Train loss:2.137901664
[935] Train loss:2.112291455
[936] Train loss:2.110267622
[937] Train loss:2.134263550
[938] Train loss:2.131267309
[939] Train loss:2.092644538
[940] Train loss:2.107790198
[941] Train loss:2.114419597
[942] Train loss:2.159950903
[943] Train loss:2.166814583
[944] Train loss:2.090736253
[945] Train loss:2.160566347
[946] Train loss:2.095398937
[947] Train loss:2.104093841
[948] Train loss:2.070943509
[949] Train loss:2.104964767
[950] Train loss:2.128913079
[951] Train loss:2.087853295
[952] Train loss:2.141324111
[953] Train loss:2.105504274
[954] Train loss:2.102776425
[955] Train loss:2.063068696
[956] Train loss:2.157058171
[957] Train loss:2.160051703
[958] Train loss:2.117797034
[959] Train loss:2.215320366
[960] Train loss:2.178879227
[961] Train loss:2.218375581
[962] Train loss:2.065187182
[963] Train loss:2.127270920
[964] Train loss:2.136894669
[965] Train loss:2.143762861
[966] Train loss:2.128094298
[967] Train loss:2.146949376
[968] Train loss:2.170310037
[969] Train loss:2.158602204
[970] Train loss:2.148287109
[971] Train loss:2.093327148
[972] Train loss:2.206336379
[973] Train loss:2.102023636
[974] Train loss:2.081978372
[975] Train loss:2.068589653
[976] Train loss:2.134175284
[977] Train loss:2.123917477
[978] Train loss:2.164106216
[979] Train loss:2.086971692
[980] Train loss:2.209808690
[981] Train loss:2.077521477
[982] Train loss:2.094542963
[983] Train loss:2.144573706
[984] Train loss:2.175436326
[985] Train loss:2.074373722
[986] Train loss:2.227945924
[987] Train loss:2.222308959
[988] Train loss:2.160057374
[989] Train loss:2.162065421
[990] Train loss:2.085358245
[991] Train loss:2.162376813
[992] Train loss:2.129518441
[993] Train loss:2.115261129
[994] Train loss:2.064687337
[995] Train loss:2.113996080
[996] Train loss:2.159149511
[997] Train loss:2.213014381
[998] Train loss:2.194718088
[999] Train loss:2.097275291
[1000] Train loss:2.115911126
[1001] Train loss:2.137007611
[1002] Train loss:2.089059387
[1003] Train loss:2.073127031
[1004] Train loss:2.050901038
[1005] Train loss:2.025521636
[1006] Train loss:2.009935362
[1007] Train loss:2.029272216
[1008] Train loss:2.066488504
[1009] Train loss:2.118900401
[1010] Train loss:2.250026158
[1011] Train loss:2.158198510
[1012] Train loss:2.121611817
[1013] Train loss:2.080827117
[1014] Train loss:2.107721056
[1015] Train loss:2.094289133
[1016] Train loss:2.147533808
[1017] Train loss:2.087689263
[1018] Train loss:2.057373762
[1019] Train loss:2.144922665
[1020] Train loss:2.111779451
[1021] Train loss:2.153448922
[1022] Train loss:2.091664229
[1023] Train loss:2.078100869
[1024] Train loss:2.086808988
[1025] Train loss:2.112067103
[1026] Train loss:2.103842361
[1027] Train loss:2.157690133
[1028] Train loss:2.243052159
[1029] Train loss:2.270745550
[1030] Train loss:2.224086182
[1031] Train loss:2.091992583
[1032] Train loss:2.093531830
[1033] Train loss:2.081392663
[1034] Train loss:2.092243569
[1035] Train loss:2.086359024
[1036] Train loss:2.082049523
[1037] Train loss:2.084140778
[1038] Train loss:2.113041673
[1039] Train loss:2.114915133
[1040] Train loss:2.060090048
[1041] Train loss:2.082608444
[1042] Train loss:2.059129987
[1043] Train loss:2.035625764
[1044] Train loss:2.097286292
[1045] Train loss:2.119952730
[1046] Train loss:2.136580842
[1047] Train loss:2.123785973
[1048] Train loss:2.142229233
[1049] Train loss:2.144166742
[1050] Train loss:2.080563716
[1051] Train loss:2.183794822
[1052] Train loss:2.155903765
[1053] Train loss:2.135701111
[1054] Train loss:2.134179217
[1055] Train loss:2.151405079
[1056] Train loss:2.150611622
[1057] Train loss:2.129768985
[1058] Train loss:2.079900180
[1059] Train loss:2.073530998
[1060] Train loss:2.032173991
[1061] Train loss:2.035562549
[1062] Train loss:2.084402868
[1063] Train loss:2.207568731
[1064] Train loss:2.061532276
[1065] Train loss:2.120370626
[1066] Train loss:2.045043281
[1067] Train loss:2.058734025
[1068] Train loss:2.051763637
[1069] Train loss:2.038869568
[1070] Train loss:2.000921164
[1071] Train loss:2.029488751
[1072] Train loss:2.009238771
[1073] Train loss:2.064497471
[1074] Train loss:2.065377269
[1075] Train loss:2.052727801
[1076] Train loss:2.014768379
[1077] Train loss:2.046095865
[1078] Train loss:2.027672682
[1079] Train loss:1.996668645
[1080] Train loss:1.987635357
[1081] Train loss:2.055938142
[1082] Train loss:2.036210316
[1083] Train loss:2.061385955
[1084] Train loss:2.015050786
[1085] Train loss:2.051366142
[1086] Train loss:2.075341105
[1087] Train loss:2.016303658
[1088] Train loss:2.025496057
[1089] Train loss:2.146947503
[1090] Train loss:2.061039839
[1091] Train loss:2.127528480
[1092] Train loss:2.115009172
[1093] Train loss:2.073976823
[1094] Train loss:2.012003626
[1095] Train loss:2.041332313
[1096] Train loss:2.058491860
[1097] Train loss:2.093478288
[1098] Train loss:2.086182952
[1099] Train loss:2.040385672
[1100] Train loss:2.023670895
[1101] Train loss:2.008452484
[1102] Train loss:2.082388094
[1103] Train loss:2.141426257
[1104] Train loss:2.045989564
[1105] Train loss:2.097084999
[1106] Train loss:2.068706410
[1107] Train loss:2.016624723
[1108] Train loss:2.119608028
[1109] Train loss:2.099602495
[1110] Train loss:2.063238212
[1111] Train loss:2.025588325
[1112] Train loss:2.045701265
[1113] Train loss:2.105407749
[1114] Train loss:2.026722039
[1115] Train loss:2.126747029
[1116] Train loss:2.111473952
[1117] Train loss:2.141232814
[1118] Train loss:2.106672849
[1119] Train loss:2.052287936
[1120] Train loss:1.977450507
[1121] Train loss:2.029410771
[1122] Train loss:1.999420762
[1123] Train loss:2.046184114
[1124] Train loss:2.085453936
[1125] Train loss:2.136841467
[1126] Train loss:2.122689247
[1127] Train loss:2.167259506
[1128] Train loss:2.120940225
[1129] Train loss:2.081893614
[1130] Train loss:2.020634157
[1131] Train loss:2.030069539
[1132] Train loss:2.058470862
[1133] Train loss:2.042393804
[1134] Train loss:2.015979801
[1135] Train loss:2.009931530
[1136] Train loss:1.993003828
[1137] Train loss:2.035016349
[1138] Train loss:2.071425268
[1139] Train loss:2.171717167
[1140] Train loss:2.052441921
[1141] Train loss:2.052762849
[1142] Train loss:2.072842428
[1143] Train loss:2.060552495
[1144] Train loss:2.067125201
[1145] Train loss:2.092120903
[1146] Train loss:2.180754151
[1147] Train loss:2.111935241
[1148] Train loss:2.066148332
[1149] Train loss:2.082175681
[1150] Train loss:2.021933845
[1151] Train loss:1.994485940
[1152] Train loss:1.991469979
[1153] Train loss:1.993341395
[1154] Train loss:1.993770804
[1155] Train loss:2.006945389
[1156] Train loss:2.007560781
[1157] Train loss:2.060390541
[1158] Train loss:2.066849981
[1159] Train loss:2.073220560
[1160] Train loss:2.087512340
[1161] Train loss:2.080396414
[1162] Train loss:2.030303189
[1163] Train loss:2.057750566
[1164] Train loss:2.198632104
[1165] Train loss:2.135809541
[1166] Train loss:2.056267381
[1167] Train loss:2.104079502
[1168] Train loss:2.045970389
[1169] Train loss:2.027957099
[1170] Train loss:2.028368252
[1171] Train loss:2.082817129
[1172] Train loss:2.091183441
[1173] Train loss:2.003114802
[1174] Train loss:2.034455385
[1175] Train loss:2.005057216
[1176] Train loss:2.023999453
[1177] Train loss:1.983810442
[1178] Train loss:2.014665467
[1179] Train loss:1.954336030
[1180] Train loss:1.992936492
[1181] Train loss:1.998859712
[1182] Train loss:2.040547081
[1183] Train loss:2.036013501
[1184] Train loss:2.132603867
[1185] Train loss:2.012254511
[1186] Train loss:2.009480851
[1187] Train loss:2.075737476
[1188] Train loss:2.061258044
[1189] Train loss:2.040369221
[1190] Train loss:1.991823086
[1191] Train loss:2.089258909
[1192] Train loss:2.041502118
[1193] Train loss:1.978565710
[1194] Train loss:1.990559271
[1195] Train loss:2.062572973
[1196] Train loss:2.031315923
[1197] Train loss:2.071396078
[1198] Train loss:1.998197368
[1199] Train loss:2.028317656
[1200] Train loss:1.983760680
[1201] Train loss:1.963299189
[1202] Train loss:1.972634792
[1203] Train loss:2.044241667
[1204] Train loss:2.017568265
[1205] Train loss:2.268989427
[1206] Train loss:2.014805300
[1207] Train loss:2.135406733
[1208] Train loss:2.094347375
[1209] Train loss:2.014092735
[1210] Train loss:2.137919886
[1211] Train loss:2.146510550
[1212] Train loss:2.138154047
[1213] Train loss:2.018975598
[1214] Train loss:1.998544403
[1215] Train loss:1.991508211
[1216] Train loss:1.954764349
[1217] Train loss:2.030312215
[1218] Train loss:1.993177686
[1219] Train loss:1.964712909
[1220] Train loss:1.999834350
[1221] Train loss:2.043387226
[1222] Train loss:2.032798614
[1223] Train loss:2.068297233
[1224] Train loss:2.017912149
[1225] Train loss:1.983211466
[1226] Train loss:2.013337067
[1227] Train loss:2.016068203
[1228] Train loss:2.023412142
[1229] Train loss:1.964447021
[1230] Train loss:2.041609628
[1231] Train loss:1.986483880
[1232] Train loss:2.071942857
[1233] Train loss:1.986693655
[1234] Train loss:1.970999343
[1235] Train loss:1.993588175
[1236] Train loss:2.061883279
[1237] Train loss:2.019472667
[1238] Train loss:2.019342695
[1239] Train loss:1.975536363
[1240] Train loss:1.984251533
[1241] Train loss:1.968813930
[1242] Train loss:1.976452725
[1243] Train loss:2.020872951
[1244] Train loss:2.012487258
[1245] Train loss:1.938224179
[1246] Train loss:1.982633846
[1247] Train loss:2.002240743
[1248] Train loss:1.942720856
[1249] Train loss:2.008111119
[1250] Train loss:1.978007725
[1251] Train loss:1.982706257
[1252] Train loss:1.990838238
[1253] Train loss:2.002315760
[1254] Train loss:1.993352396
[1255] Train loss:1.964043396
[1256] Train loss:1.945335558
[1257] Train loss:1.950131842
[1258] Train loss:2.035672290
[1259] Train loss:2.013244731
[1260] Train loss:1.992729119
[1261] Train loss:2.006410531
[1262] Train loss:2.060167279
[1263] Train loss:2.011097159
[1264] Train loss:2.003104261
[1265] Train loss:2.058115176
[1266] Train loss:2.028969390
[1267] Train loss:2.084054368
[1268] Train loss:2.056462101
[1269] Train loss:2.167071359
[1270] Train loss:2.160568731
[1271] Train loss:2.155824832
[1272] Train loss:1.989161219
[1273] Train loss:2.018112506
[1274] Train loss:2.066020387
[1275] Train loss:2.046414835
[1276] Train loss:2.048538004
[1277] Train loss:2.012907471
[1278] Train loss:2.000774298
[1279] Train loss:1.984027777
[1280] Train loss:1.976246391
[1281] Train loss:1.962624226
[1282] Train loss:2.104282549
[1283] Train loss:2.012881262
[1284] Train loss:2.012455446
[1285] Train loss:2.007097670
[1286] Train loss:1.979971630
[1287] Train loss:1.962734972
[1288] Train loss:2.009911043
[1289] Train loss:1.966535006
[1290] Train loss:2.015698109
[1291] Train loss:1.972398264
[1292] Train loss:1.990268350
[1293] Train loss:2.000240326
[1294] Train loss:1.971880657
[1295] Train loss:1.977391567
[1296] Train loss:2.048251390
[1297] Train loss:2.040998970
[1298] Train loss:2.008517895
[1299] Train loss:1.961560624
[1300] Train loss:1.983181034
[1301] Train loss:1.985402857
[1302] Train loss:2.013902221
[1303] Train loss:2.059182065
[1304] Train loss:1.974672794
[1305] Train loss:2.015537279
[1306] Train loss:2.108207226
[1307] Train loss:1.985486065
[1308] Train loss:2.030325089
[1309] Train loss:1.956325803
[1310] Train loss:1.955180253
[1311] Train loss:2.036887084
[1312] Train loss:2.005918639
[1313] Train loss:2.036756873
[1314] Train loss:2.015771440
[1315] Train loss:2.028000508
[1316] Train loss:2.024255310
[1317] Train loss:2.011012810
[1318] Train loss:2.161734683
[1319] Train loss:2.036084958
[1320] Train loss:2.045608316
[1321] Train loss:2.030155744
[1322] Train loss:1.931299244
[1323] Train loss:1.937913912
[1324] Train loss:1.992167916
[1325] Train loss:1.952927130
[1326] Train loss:1.928087439
[1327] Train loss:1.929656182
[1328] Train loss:1.939166461
[1329] Train loss:1.994328022
[1330] Train loss:1.991861360
[1331] Train loss:1.972572838
[1332] Train loss:1.951005476
[1333] Train loss:1.965949842
[1334] Train loss:2.003343582
[1335] Train loss:1.965477245
[1336] Train loss:1.978894012
[1337] Train loss:1.967338221
[1338] Train loss:2.017095515
[1339] Train loss:1.954352549
[1340] Train loss:1.955033353
[1341] Train loss:1.947977866
[1342] Train loss:1.981740066
[1343] Train loss:1.979734404
[1344] Train loss:2.016679542
[1345] Train loss:2.023566127
[1346] Train loss:2.000043307
[1347] Train loss:1.954198003
[1348] Train loss:1.978163566
[1349] Train loss:1.999354567
[1350] Train loss:1.992956179
[1351] Train loss:1.923644083
[1352] Train loss:1.946080208
[1353] Train loss:1.937196442
[1354] Train loss:1.927842259
[1355] Train loss:1.985392094
[1356] Train loss:1.934995140
[1357] Train loss:1.984630142
[1358] Train loss:1.951511417
[1359] Train loss:1.947851488
[1360] Train loss:1.918756400
[1361] Train loss:1.936754635
[1362] Train loss:1.949375408
[1363] Train loss:1.893869553
[1364] Train loss:1.973089065
[1365] Train loss:1.942689845
[1366] Train loss:1.907268541
[1367] Train loss:1.972251926
[1368] Train loss:1.989370602
[1369] Train loss:2.026938881
[1370] Train loss:1.945117763
[1371] Train loss:1.932458043
[1372] Train loss:2.001005343
[1373] Train loss:1.988798448
[1374] Train loss:2.006730182
[1375] Train loss:1.990090166
[1376] Train loss:1.957424164
[1377] Train loss:1.986810003
[1378] Train loss:1.932190248
[1379] Train loss:1.909052048
[1380] Train loss:1.953076635
[1381] Train loss:1.948880877
[1382] Train loss:1.927005308
[1383] Train loss:1.928084867
[1384] Train loss:1.910895501
[1385] Train loss:1.900108576
[1386] Train loss:1.897429381
[1387] Train loss:1.945900696
[1388] Train loss:1.930304391
[1389] Train loss:1.933129038
[1390] Train loss:2.008736696
[1391] Train loss:2.067799074
[1392] Train loss:2.179443479
[1393] Train loss:1.996466722
[1394] Train loss:2.078870194
[1395] Train loss:2.077255351
[1396] Train loss:2.065542579
[1397] Train loss:2.059223703
[1398] Train loss:2.011254532
[1399] Train loss:1.958531771
[1400] Train loss:1.943218998
[1401] Train loss:1.976324456
[1402] Train loss:1.989668693
[1403] Train loss:1.932849560
[1404] Train loss:1.946790474
[1405] Train loss:1.942953859
[1406] Train loss:1.956704055
[1407] Train loss:1.990706853
[1408] Train loss:1.986378176
[1409] Train loss:2.077330317
[1410] Train loss:2.008708903
[1411] Train loss:1.934308938
[1412] Train loss:1.930559771
[1413] Train loss:1.907748410
[1414] Train loss:1.910534229
[1415] Train loss:1.933023913
[1416] Train loss:1.961778947
[1417] Train loss:1.895602584
[1418] Train loss:1.896497181
[1419] Train loss:1.892199908
[1420] Train loss:1.932138698
[1421] Train loss:1.909936513
[1422] Train loss:1.897611618
[1423] Train loss:1.979152032
[1424] Train loss:1.934150662
[1425] Train loss:1.934017403
[1426] Train loss:1.898731130
[1427] Train loss:1.906272462
[1428] Train loss:1.919660074
[1429] Train loss:1.937751549
[1430] Train loss:2.134974786
[1431] Train loss:2.069386295
[1432] Train loss:1.975203395
[1433] Train loss:1.953944581
[1434] Train loss:1.937096851
[1435] Train loss:1.960703049
[1436] Train loss:1.958184566
[1437] Train loss:2.006379979
[1438] Train loss:1.945854647
[1439] Train loss:2.056980985
[1440] Train loss:2.035472921
[1441] Train loss:2.145931278
[1442] Train loss:2.000168426
[1443] Train loss:1.958049774
[1444] Train loss:1.969587002
[1445] Train loss:1.981888413
[1446] Train loss:1.938108121
[1447] Train loss:1.975869570
[1448] Train loss:1.963138274
[1449] Train loss:1.963417496
[1450] Train loss:1.920748983
[1451] Train loss:1.923720292
[1452] Train loss:1.922952737
[1453] Train loss:1.947263036
[1454] Train loss:1.890450478
[1455] Train loss:1.883204545
[1456] Train loss:1.908382756
[1457] Train loss:1.920487131
[1458] Train loss:2.004919580
[1459] Train loss:1.930475814
[1460] Train loss:1.920586518
[1461] Train loss:1.935408081
[1462] Train loss:1.881654024
[1463] Train loss:1.879708120
[1464] Train loss:1.889378854
[1465] Train loss:1.896673373
[1466] Train loss:1.935709987
[1467] Train loss:1.872153401
[1468] Train loss:1.922850626
[1469] Train loss:1.903066839
[1470] Train loss:1.926475150
[1471] Train loss:1.941174047
[1472] Train loss:1.893265894
[1473] Train loss:1.888788921
[1474] Train loss:1.914562328
[1475] Train loss:1.959199888
[1476] Train loss:1.914220589
[1477] Train loss:1.943057418
[1478] Train loss:1.884273274
[1479] Train loss:1.913344809
[1480] Train loss:1.898897001
[1481] Train loss:1.964369280
[1482] Train loss:1.921337962
[1483] Train loss:1.892223988
[1484] Train loss:1.905570354
[1485] Train loss:1.952513950
[1486] Train loss:1.913614341
[1487] Train loss:1.901367920
[1488] Train loss:1.878001009
[1489] Train loss:1.882714919
[1490] Train loss:1.915984137
[1491] Train loss:1.930242419
[1492] Train loss:1.911379984
[1493] Train loss:2.048488583
[1494] Train loss:1.965976272
[1495] Train loss:2.006285650
[1496] Train loss:1.980143394
[1497] Train loss:1.967119966
[1498] Train loss:2.007235936
[1499] Train loss:1.946647252
[1500] Train loss:1.903918845
[1501] Train loss:1.893143569
[1502] Train loss:1.861182587
[1503] Train loss:1.878903883
[1504] Train loss:1.864632930
[1505] Train loss:1.871476224
[1506] Train loss:1.860813090
[1507] Train loss:1.865078364
[1508] Train loss:1.877366015
[1509] Train loss:1.883566737
[1510] Train loss:1.897317018
[1511] Train loss:1.905678408
[1512] Train loss:1.887054120
[1513] Train loss:1.909395797
[1514] Train loss:1.890500154
[1515] Train loss:1.905840976
[1516] Train loss:1.901304705
[1517] Train loss:1.914235353
[1518] Train loss:1.923388481
[1519] Train loss:1.981337462
[1520] Train loss:2.065862349
[1521] Train loss:1.961666295
[1522] Train loss:2.080194201
[1523] Train loss:2.068529333
[1524] Train loss:2.031122259
[1525] Train loss:1.977116363
[1526] Train loss:1.888132385
[1527] Train loss:1.838828870
[1528] Train loss:1.903587580
[1529] Train loss:1.995376621
[1530] Train loss:1.912348645
[1531] Train loss:1.874917030
[1532] Train loss:1.888696824
[1533] Train loss:1.880089709
[1534] Train loss:1.922920244
[1535] Train loss:1.868953552
[1536] Train loss:1.877682175
[1537] Train loss:1.883798122
[1538] Train loss:1.890931606
[1539] Train loss:1.853945136
[1540] Train loss:1.839821611
[1541] Train loss:1.941504564
[1542] Train loss:2.032912987
[1543] Train loss:1.997861488
[1544] Train loss:2.063627703
[1545] Train loss:1.902222463
[1546] Train loss:1.913127712
[1547] Train loss:1.936321906
[1548] Train loss:1.871290616
[1549] Train loss:1.886139171
[1550] Train loss:1.941364629
[1551] Train loss:1.992730822
[1552] Train loss:1.978504113
[1553] Train loss:1.846694452
[1554] Train loss:1.851736205
[1555] Train loss:1.856037361
[1556] Train loss:1.887609158
[1557] Train loss:1.945854306
[1558] Train loss:1.939301934
[1559] Train loss:1.840015318
[1560] Train loss:1.905922464
[1561] Train loss:1.920395647
[1562] Train loss:1.899856653
[1563] Train loss:1.875813195
[1564] Train loss:1.881320170
[1565] Train loss:1.856137787
[1566] Train loss:1.871303592
[1567] Train loss:1.838281751
[1568] Train loss:1.877825975
[1569] Train loss:1.908872690
[1570] Train loss:1.899687018
[1571] Train loss:1.904803395
[1572] Train loss:1.891909259
[1573] Train loss:1.961367777
[1574] Train loss:1.981688721
[1575] Train loss:1.935566715
[1576] Train loss:1.952643377
[1577] Train loss:1.994599751
[1578] Train loss:1.898301380
[1579] Train loss:1.895969817
[1580] Train loss:1.914491926
[1581] Train loss:1.921179380
[1582] Train loss:1.872398496
[1583] Train loss:1.871089799
[1584] Train loss:1.936115316
[1585] Train loss:1.906543783
[1586] Train loss:1.931960038
[1587] Train loss:1.925771305
[1588] Train loss:1.829534445
[1589] Train loss:1.837187835
[1590] Train loss:1.840152792
[1591] Train loss:1.841871772
[1592] Train loss:1.884109872
[1593] Train loss:1.897893241
[1594] Train loss:1.852809293
[1595] Train loss:1.896324124
[1596] Train loss:1.871872067
[1597] Train loss:1.893625464
[1598] Train loss:1.874605383
[1599] Train loss:1.842810512
[1600] Train loss:1.843982697
[1601] Train loss:1.917774183
[1602] Train loss:1.868792449
[1603] Train loss:1.838504485
[1604] Train loss:1.910551310
[1605] Train loss:1.911021505
[1606] Train loss:1.869502953
[1607] Train loss:1.850040146
[1608] Train loss:1.891759276
[1609] Train loss:1.842831663
[1610] Train loss:1.842018775
[1611] Train loss:1.870833227
[1612] Train loss:1.878311677
[1613] Train loss:1.888689365
[1614] Train loss:1.926142097
[1615] Train loss:1.881917715
[1616] Train loss:1.889534422
[1617] Train loss:1.898450783
[1618] Train loss:1.842201948
[1619] Train loss:1.866140996
[1620] Train loss:1.867115310
[1621] Train loss:1.850170783
[1622] Train loss:1.865836757
[1623] Train loss:1.868468642
[1624] Train loss:1.814460465
[1625] Train loss:1.822253806
[1626] Train loss:1.857415455
[1627] Train loss:1.955011044
[1628] Train loss:1.847549081
[1629] Train loss:1.853166614
[1630] Train loss:1.820142984
[1631] Train loss:1.854181187
[1632] Train loss:1.825085555
[1633] Train loss:1.840616771
[1634] Train loss:1.823598146
[1635] Train loss:1.838866064
[1636] Train loss:1.887245485
[1637] Train loss:1.872655979
[1638] Train loss:1.856429935
[1639] Train loss:1.844483290
[1640] Train loss:1.838420510
[1641] Train loss:1.888355017
[1642] Train loss:1.916252221
[1643] Train loss:1.907866018
[1644] Train loss:1.905333144
[1645] Train loss:1.914295690
[1646] Train loss:1.855582033
[1647] Train loss:1.798163414
[1648] Train loss:1.816848806
[1649] Train loss:1.792114513
[1650] Train loss:1.842678002
[1651] Train loss:1.826092396
[1652] Train loss:1.895153233
[1653] Train loss:1.837506754
[1654] Train loss:1.834333897
[1655] Train loss:1.844650422
[1656] Train loss:1.831804310
[1657] Train loss:1.865394831
[1658] Train loss:1.817102245
[1659] Train loss:1.820877935
[1660] Train loss:1.840781195
[1661] Train loss:1.906702450
[1662] Train loss:1.909317255
[1663] Train loss:1.891025254
[1664] Train loss:1.848107610
[1665] Train loss:1.845465694
[1666] Train loss:1.848534584
[1667] Train loss:1.829426714
[1668] Train loss:1.892027140
[1669] Train loss:1.869041596
[1670] Train loss:1.925523911
[1671] Train loss:1.927341240
[1672] Train loss:1.927919422
[1673] Train loss:1.992487652
[1674] Train loss:1.892535397
[1675] Train loss:1.836262907
[1676] Train loss:1.852665680
[1677] Train loss:1.876509326
[1678] Train loss:1.838556256
[1679] Train loss:1.900823815
[1680] Train loss:1.972281166
[1681] Train loss:1.959402118
[1682] Train loss:1.894128697
[1683] Train loss:1.891641532
[1684] Train loss:1.858784642
[1685] Train loss:1.790046607
[1686] Train loss:1.825241276
[1687] Train loss:1.865821804
[1688] Train loss:1.879672374
[1689] Train loss:1.870911905
[1690] Train loss:1.913573418
[1691] Train loss:1.966852971
[1692] Train loss:1.985906107
[1693] Train loss:1.902446730
[1694] Train loss:1.888499771
[1695] Train loss:1.838566099
[1696] Train loss:1.818809220
[1697] Train loss:1.830482841
[1698] Train loss:1.834615980
[1699] Train loss:1.851269620
[1700] Train loss:1.842774868
[1701] Train loss:1.810423902
[1702] Train loss:1.812981520
[1703] Train loss:1.832243221
[1704] Train loss:1.844795159
[1705] Train loss:1.853228773
[1706] Train loss:1.776287845
[1707] Train loss:1.812929596
[1708] Train loss:1.824532798
[1709] Train loss:1.847838180
[1710] Train loss:1.879211187
[1711] Train loss:1.894657987
[1712] Train loss:1.832261273
[1713] Train loss:1.857690998
[1714] Train loss:1.881165743
[1715] Train loss:1.818867190
[1716] Train loss:1.784253086
[1717] Train loss:1.836028951
[1718] Train loss:1.868640900
[1719] Train loss:1.822913936
[1720] Train loss:1.791926605
[1721] Train loss:1.816641671
[1722] Train loss:1.822805882
[1723] Train loss:1.818406003
[1724] Train loss:1.865339994
[1725] Train loss:1.830869011
[1726] Train loss:1.859493222
[1727] Train loss:1.873369438
[1728] Train loss:1.809581995
[1729] Train loss:1.793051021
[1730] Train loss:1.783835190
[1731] Train loss:1.808560525
[1732] Train loss:1.790453008
[1733] Train loss:1.810554011
[1734] Train loss:1.796842200
[1735] Train loss:1.800041114
[1736] Train loss:1.770690049
[1737] Train loss:1.784355061
[1738] Train loss:1.793505822
[1739] Train loss:1.807514395
[1740] Train loss:1.869260260
[1741] Train loss:1.803716643
[1742] Train loss:1.772665484
[1743] Train loss:1.798511812
[1744] Train loss:1.783770238
[1745] Train loss:1.794223871
[1746] Train loss:1.813606092
[1747] Train loss:1.867774912
[1748] Train loss:2.028160453
[1749] Train loss:1.830416100
[1750] Train loss:1.818904723
[1751] Train loss:1.827932205
[1752] Train loss:1.834576845
[1753] Train loss:1.832920296
[1754] Train loss:1.786154934
[1755] Train loss:1.833911657
[1756] Train loss:1.829277175
[1757] Train loss:1.838125535
[1758] Train loss:1.831417544
[1759] Train loss:1.883332968
[1760] Train loss:1.878532801
[1761] Train loss:1.814488019
[1762] Train loss:1.860112871
[1763] Train loss:1.938607233
[1764] Train loss:1.833366513
[1765] Train loss:1.798130410
[1766] Train loss:1.808410934
[1767] Train loss:1.797660640
[1768] Train loss:1.781935096
[1769] Train loss:1.848382797
[1770] Train loss:1.870127831
[1771] Train loss:1.845247149
[1772] Train loss:1.903515714
[1773] Train loss:1.830361860
[1774] Train loss:1.806935685
[1775] Train loss:1.810194782
[1776] Train loss:1.823611736
[1777] Train loss:1.850916726
[1778] Train loss:1.865694983
[1779] Train loss:1.876175216
[1780] Train loss:1.873215863
[1781] Train loss:1.896474736
[1782] Train loss:1.816485337
[1783] Train loss:1.795160004
[1784] Train loss:1.809732182
[1785] Train loss:1.865329197
[1786] Train loss:1.795275024
[1787] Train loss:1.763264775
[1788] Train loss:1.862164165
[1789] Train loss:1.790216633
[1790] Train loss:1.837700571
[1791] Train loss:1.832384552
[1792] Train loss:1.937449864
[1793] Train loss:1.829042503
[1794] Train loss:1.770368678
[1795] Train loss:1.809681875
[1796] Train loss:1.829153742
[1797] Train loss:1.773302385
[1798] Train loss:1.836984600
[1799] Train loss:1.765175513
[1800] Train loss:1.796466998
[1801] Train loss:1.842714701
[1802] Train loss:1.814080477
[1803] Train loss:1.914407441
[1804] Train loss:1.771929111
[1805] Train loss:1.774405037
[1806] Train loss:1.812950117
[1807] Train loss:1.751226561
[1808] Train loss:1.744407628
[1809] Train loss:1.790752973
[1810] Train loss:1.798232913
[1811] Train loss:1.783653838
[1812] Train loss:1.783085499
[1813] Train loss:1.795254316
[1814] Train loss:1.872419315
[1815] Train loss:1.911363738
[1816] Train loss:1.821547338
[1817] Train loss:1.750719854
[1818] Train loss:1.807241423
[1819] Train loss:1.834287030
[1820] Train loss:1.793987870
[1821] Train loss:1.744548133
[1822] Train loss:1.828714796
[1823] Train loss:1.828748124
[1824] Train loss:1.779196484
[1825] Train loss:1.764286246
[1826] Train loss:1.764143842
[1827] Train loss:1.793382321
[1828] Train loss:1.861776795
[1829] Train loss:1.968218701
[1830] Train loss:1.809979916
[1831] Train loss:1.802347047
[1832] Train loss:1.788321410
[1833] Train loss:1.771956631
[1834] Train loss:1.767239520
[1835] Train loss:1.800265346
[1836] Train loss:1.862463457
[1837] Train loss:1.812120429
[1838] Train loss:1.851577231
[1839] Train loss:1.763801387
[1840] Train loss:1.789974792
[1841] Train loss:1.748554025
[1842] Train loss:1.779787830
[1843] Train loss:1.856906976
[1844] Train loss:1.933271306
[1845] Train loss:1.874904105
[1846] Train loss:1.830539720
[1847] Train loss:1.799868090
[1848] Train loss:1.753767286
[1849] Train loss:1.813935978
[1850] Train loss:1.783445341
[1851] Train loss:1.793381044
[1852] Train loss:1.855985216
[1853] Train loss:1.878331184
[1854] Train loss:1.888360892
[1855] Train loss:1.884940743
[1856] Train loss:1.911215510
[1857] Train loss:1.783146058
[1858] Train loss:1.770287803
[1859] Train loss:1.772923929
[1860] Train loss:1.737969501
[1861] Train loss:1.753508398
[1862] Train loss:1.779144849
[1863] Train loss:1.869537864
[1864] Train loss:1.812974368
[1865] Train loss:1.868416854
[1866] Train loss:1.823073268
[1867] Train loss:1.758038402
[1868] Train loss:1.765190482
[1869] Train loss:1.789093988
[1870] Train loss:1.843668103
[1871] Train loss:1.800555093
[1872] Train loss:1.734812055
[1873] Train loss:1.734445265
[1874] Train loss:1.733669639
[1875] Train loss:1.760795832
[1876] Train loss:1.737079671
[1877] Train loss:1.860864333
[1878] Train loss:1.871565785
[1879] Train loss:1.868777394
[1880] Train loss:1.845867634
[1881] Train loss:1.887372647
[1882] Train loss:1.904202410
[1883] Train loss:1.756971691
[1884] Train loss:1.786386626
[1885] Train loss:1.785726547
[1886] Train loss:1.745201026
[1887] Train loss:1.829086627
[1888] Train loss:1.795160021
[1889] Train loss:1.742497104
[1890] Train loss:1.760341321
[1891] Train loss:1.846841437
[1892] Train loss:1.928253514
[1893] Train loss:1.891041722
[1894] Train loss:2.001493471
[1895] Train loss:1.923615217
[1896] Train loss:1.872653484
[1897] Train loss:1.800076263
[1898] Train loss:1.792739613
[1899] Train loss:1.735031213
[1900] Train loss:1.725272349
[1901] Train loss:1.722122652
[1902] Train loss:1.755256874
[1903] Train loss:1.796030453
[1904] Train loss:1.795551981
[1905] Train loss:1.794591989
[1906] Train loss:1.749622532
[1907] Train loss:1.726745716
[1908] Train loss:1.825410315
[1909] Train loss:1.809147937
[1910] Train loss:1.779523288
[1911] Train loss:1.857424021
[1912] Train loss:1.727182082
[1913] Train loss:1.737647261
[1914] Train loss:1.729052016
[1915] Train loss:1.726769873
[1916] Train loss:1.748673865
[1917] Train loss:1.790391701
[1918] Train loss:1.779912795
[1919] Train loss:1.815453819
[1920] Train loss:1.811120714
[1921] Train loss:1.847741979
[1922] Train loss:1.889586619
[1923] Train loss:1.881070410
[1924] Train loss:1.814009735
[1925] Train loss:1.819674526
[1926] Train loss:1.816315940
[1927] Train loss:1.813448923
[1928] Train loss:1.725777796
[1929] Train loss:1.745129585
[1930] Train loss:1.748009409
[1931] Train loss:1.781205620
[1932] Train loss:1.754670841
[1933] Train loss:1.789242779
[1934] Train loss:1.735487717
[1935] Train loss:1.797843507
[1936] Train loss:1.746682491
[1937] Train loss:1.735688942
[1938] Train loss:1.764966420
[1939] Train loss:1.744388734
[1940] Train loss:1.766950437
[1941] Train loss:1.744656069
[1942] Train loss:1.695598858
[1943] Train loss:1.743974958
[1944] Train loss:1.835345830
[1945] Train loss:1.825810977
[1946] Train loss:1.812115192
[1947] Train loss:1.818381258
[1948] Train loss:1.834139977
[1949] Train loss:1.788802896
[1950] Train loss:1.862940099
[1951] Train loss:1.739798069
[1952] Train loss:1.786787493
[1953] Train loss:1.763215286
[1954] Train loss:1.724531974
[1955] Train loss:1.717829057
[1956] Train loss:1.721428531
[1957] Train loss:1.701354436
[1958] Train loss:1.735633356
[1959] Train loss:1.770486542
[1960] Train loss:1.688623837
[1961] Train loss:1.721969111
[1962] Train loss:1.767902085
[1963] Train loss:1.773612380
[1964] Train loss:1.769761256
[1965] Train loss:1.731276291
[1966] Train loss:1.761074867
[1967] Train loss:1.770305395
[1968] Train loss:1.752849707
[1969] Train loss:1.754503727
[1970] Train loss:1.768997516
[1971] Train loss:1.767029388
[1972] Train loss:1.802352258
[1973] Train loss:1.740613409
[1974] Train loss:1.769860864
[1975] Train loss:1.779757908
[1976] Train loss:1.838712181
[1977] Train loss:1.784160205
[1978] Train loss:1.806792753
[1979] Train loss:1.821032643
[1980] Train loss:1.805602738
[1981] Train loss:1.814919574
[1982] Train loss:1.759497370
[1983] Train loss:1.745257139
[1984] Train loss:1.736929689
[1985] Train loss:1.773708735
[1986] Train loss:1.748031974
[1987] Train loss:1.785314458
[1988] Train loss:1.896599957
[1989] Train loss:1.800474201
[1990] Train loss:1.693653226
[1991] Train loss:1.747844253
[1992] Train loss:1.760119421
[1993] Train loss:1.785626735
[1994] Train loss:1.784525156
[1995] Train loss:1.748729280
[1996] Train loss:1.952872770
[1997] Train loss:2.006815314
[1998] Train loss:2.008401956
[1999] Train loss:1.767350299
